// Jest Snapshot v1, https://goo.gl/fbAQLP

exports[`useRoute() should return the current route 1`] = `"{\\"hi\\":4}"`;
