// Jest Snapshot v1, https://goo.gl/fbAQLP

exports[`<Router /> should render with children and context 1`] = `
<Router
  history={null}
>
  <p />
</Router>
`;
