// Jest Snapshot v1, https://goo.gl/fbAQLP

exports[`<Link /> should pop when clicked with prop action=POP 1`] = `
<a
  onClick={[Function]}
>
  My Link
</a>
`;

exports[`<Link /> should pop when clicked with prop action=REPLACE 1`] = `
<a
  onClick={[Function]}
>
  My Link
</a>
`;

exports[`<Link /> should push when clicked with default action prop 1`] = `
<a
  onClick={[Function]}
>
  My Link
</a>
`;

exports[`<Link /> should render correctly with given props 1`] = `
<a
  onClick={[Function]}
>
  My Link
</a>
`;
